d:\drizzle\exampleproject\x64\debug\vc143.pdb
d:\drizzle\exampleproject\x64\debug\vc143.idb
d:\drizzle\exampleproject\x64\debug\exampleproject.obj
d:\drizzle\exampleproject\x64\debug\exampleproject.ilk
d:\drizzle\x64\debug\exampleproject.pdb
d:\drizzle\exampleproject\x64\debug\exampleproject.tlog\cl.command.1.tlog
d:\drizzle\exampleproject\x64\debug\exampleproject.tlog\cl.items.tlog
d:\drizzle\exampleproject\x64\debug\exampleproject.tlog\cl.read.1.tlog
d:\drizzle\exampleproject\x64\debug\exampleproject.tlog\cl.write.1.tlog
d:\drizzle\exampleproject\x64\debug\exampleproject.tlog\link-cvtres.read.1.tlog
d:\drizzle\exampleproject\x64\debug\exampleproject.tlog\link-cvtres.write.1.tlog
d:\drizzle\exampleproject\x64\debug\exampleproject.tlog\link-rc.read.1.tlog
d:\drizzle\exampleproject\x64\debug\exampleproject.tlog\link-rc.write.1.tlog
d:\drizzle\exampleproject\x64\debug\exampleproject.tlog\link.8484-cvtres.read.1.tlog
d:\drizzle\exampleproject\x64\debug\exampleproject.tlog\link.8484-cvtres.write.1.tlog
d:\drizzle\exampleproject\x64\debug\exampleproject.tlog\link.8484-rc.read.1.tlog
d:\drizzle\exampleproject\x64\debug\exampleproject.tlog\link.8484-rc.write.1.tlog
d:\drizzle\exampleproject\x64\debug\exampleproject.tlog\link.8484.read.1.tlog
d:\drizzle\exampleproject\x64\debug\exampleproject.tlog\link.8484.read.3.tlog
d:\drizzle\exampleproject\x64\debug\exampleproject.tlog\link.8484.write.1.tlog
d:\drizzle\exampleproject\x64\debug\exampleproject.tlog\link.command.1.tlog
d:\drizzle\exampleproject\x64\debug\exampleproject.tlog\link.read.1.tlog
d:\drizzle\exampleproject\x64\debug\exampleproject.tlog\link.read.2.tlog
d:\drizzle\exampleproject\x64\debug\exampleproject.tlog\link.read.3.tlog
d:\drizzle\exampleproject\x64\debug\exampleproject.tlog\link.secondary.1.tlog
d:\drizzle\exampleproject\x64\debug\exampleproject.tlog\link.write.1.tlog
